// Jest Snapshot v1, https://goo.gl/fbAQLP

exports[`positive scenarios take snapshot of basic component 1`] = `
<button
  class="group relative w-full flex justify-center py-2 px-4 border border-transparent text-sm font-medium rounded-md text-white bg-indigo-600 hover:bg-indigo-700 focus:outline-none focus:ring-2 focus:ring-offset-2 focus:ring-indigo-400"
  data-testid="btn-component"
>
  Sign In
</button>
`;
